// Jest Snapshot v1, https://goo.gl/fbAQLP

exports[`Header Button test case Header renders correctly 1`] = `
<ScrollView
  contentContainerStyle={
    Object {
      "backgroundColor": "transparent",
    }
  }
  horizontal={true}
  style={
    Object {
      "backgroundColor": "#256E7B",
      "flexDirection": "row",
      "flexWrap": "wrap",
      "width": "100%",
    }
  }
>
  <StatusBar
    animated={false}
    hidden={true}
    showHideTransition="fade"
  />
  <Component
    key="View1"
    onClickHandler={[Function]}
    title="View1"
  />
  <Component
    key="View2"
    onClickHandler={[Function]}
    title="View2"
  />
  <Component
    key="View3"
    onClickHandler={[Function]}
    title="View3"
  />
</ScrollView>
`;
